
===========================================================================
report_checks -unconstrained
===========================================================================
======================= Fastest Corner ===================================

Startpoint: reset_i (input port clocked by clock)
Endpoint: _1187_ (recovery check against rising-edge clock clock)
Path Group: asynchronous
Path Type: max
Corner: Fastest

Fanout     Cap    Slew   Delay    Time   Description
-----------------------------------------------------------------------------
                  0.15    0.00    0.00   clock clock (rise edge)
                          0.00    0.00   clock network delay (ideal)
                          2.00    2.00 v input external delay
     1    0.00    0.00    0.00    2.00 v reset_i (in)
                                         reset_i (net)
                  0.00    0.00    2.00 v input1/A (sky130_fd_sc_hd__dlymetal6s2s_1)
     4    0.02    0.09    0.14    2.14 v input1/X (sky130_fd_sc_hd__dlymetal6s2s_1)
                                         net1 (net)
                  0.09    0.00    2.14 v _1124_/A (sky130_fd_sc_hd__buf_4)
    10    0.07    0.07    0.17    2.31 v _1124_/X (sky130_fd_sc_hd__buf_4)
                                         _0547_ (net)
                  0.07    0.01    2.32 v _1125_/A (sky130_fd_sc_hd__buf_4)
    10    0.06    0.07    0.15    2.47 v _1125_/X (sky130_fd_sc_hd__buf_4)
                                         _0548_ (net)
                  0.07    0.00    2.47 v _1126_/A (sky130_fd_sc_hd__inv_2)
     1    0.00    0.03    0.04    2.52 ^ _1126_/Y (sky130_fd_sc_hd__inv_2)
                                         _0001_ (net)
                  0.03    0.00    2.52 ^ _1187_/RESET_B (sky130_fd_sc_hd__dfrtp_2)
                                  2.52   data arrival time

                  0.15   10.00   10.00   clock clock (rise edge)
                          0.00   10.00   clock network delay (ideal)
                         -0.25    9.75   clock uncertainty
                          0.00    9.75   clock reconvergence pessimism
                                  9.75 ^ _1187_/CLK (sky130_fd_sc_hd__dfrtp_2)
                          0.15    9.90   library recovery time
                                  9.90   data required time
-----------------------------------------------------------------------------
                                  9.90   data required time
                                 -2.52   data arrival time
-----------------------------------------------------------------------------
                                  7.39   slack (MET)


Startpoint: _1206_ (rising edge-triggered flip-flop clocked by clock)
Endpoint: ram_addr_o[2] (output port clocked by clock)
Path Group: clock
Path Type: max
Corner: Fastest

Fanout     Cap    Slew   Delay    Time   Description
-----------------------------------------------------------------------------
                  0.15    0.00    0.00   clock clock (rise edge)
                          0.00    0.00   clock network delay (ideal)
                  0.15    0.00    0.00 ^ _1206_/CLK (sky130_fd_sc_hd__dfrtp_1)
     2    0.01    0.05    0.25    0.25 ^ _1206_/Q (sky130_fd_sc_hd__dfrtp_1)
                                         manchester_baby_instance.CIRCUIT_0.IR.q[14] (net)
                  0.05    0.00    0.25 ^ _0588_/A (sky130_fd_sc_hd__clkbuf_4)
    10    0.05    0.12    0.16    0.41 ^ _0588_/X (sky130_fd_sc_hd__clkbuf_4)
                                         _0101_ (net)
                  0.12    0.00    0.41 ^ _0818_/B (sky130_fd_sc_hd__nor2_1)
     4    0.01    0.05    0.06    0.47 v _0818_/Y (sky130_fd_sc_hd__nor2_1)
                                         _0312_ (net)
                  0.05    0.00    0.47 v _0820_/A (sky130_fd_sc_hd__nor2_1)
     2    0.01    0.13    0.14    0.61 ^ _0820_/Y (sky130_fd_sc_hd__nor2_1)
                                         _0314_ (net)
                  0.13    0.00    0.61 ^ _1118_/B1 (sky130_fd_sc_hd__a22o_1)
     5    0.02    0.16    0.18    0.79 ^ _1118_/X (sky130_fd_sc_hd__a22o_1)
                                         _0546_ (net)
                  0.16    0.00    0.79 ^ _1121_/B1 (sky130_fd_sc_hd__a22o_1)
     1    0.01    0.07    0.11    0.90 ^ _1121_/X (sky130_fd_sc_hd__a22o_1)
                                         net5 (net)
                  0.07    0.00    0.90 ^ output5/A (sky130_fd_sc_hd__buf_2)
     1    0.03    0.13    0.15    1.05 ^ output5/X (sky130_fd_sc_hd__buf_2)
                                         ram_addr_o[2] (net)
                  0.13    0.00    1.06 ^ ram_addr_o[2] (out)
                                  1.06   data arrival time

                  0.15   10.00   10.00   clock clock (rise edge)
                          0.00   10.00   clock network delay (ideal)
                         -0.25    9.75   clock uncertainty
                          0.00    9.75   clock reconvergence pessimism
                         -2.00    7.75   output external delay
                                  7.75   data required time
-----------------------------------------------------------------------------
                                  7.75   data required time
                                 -1.06   data arrival time
-----------------------------------------------------------------------------
                                  6.69   slack (MET)



======================= Slowest Corner ===================================

Startpoint: reset_i (input port clocked by clock)
Endpoint: _1190_ (recovery check against rising-edge clock clock)
Path Group: asynchronous
Path Type: max
Corner: Slowest

Fanout     Cap    Slew   Delay    Time   Description
-----------------------------------------------------------------------------
                  0.15    0.00    0.00   clock clock (rise edge)
                          0.00    0.00   clock network delay (ideal)
                          2.00    2.00 v input external delay
     1    0.00    0.02    0.01    2.01 v reset_i (in)
                                         reset_i (net)
                  0.02    0.00    2.01 v input1/A (sky130_fd_sc_hd__dlymetal6s2s_1)
     4    0.02    0.25    0.43    2.44 v input1/X (sky130_fd_sc_hd__dlymetal6s2s_1)
                                         net1 (net)
                  0.25    0.00    2.44 v _1124_/A (sky130_fd_sc_hd__buf_4)
    10    0.07    0.18    0.47    2.91 v _1124_/X (sky130_fd_sc_hd__buf_4)
                                         _0547_ (net)
                  0.18    0.01    2.92 v _1125_/A (sky130_fd_sc_hd__buf_4)
    10    0.06    0.16    0.42    3.34 v _1125_/X (sky130_fd_sc_hd__buf_4)
                                         _0548_ (net)
                  0.16    0.00    3.34 v _1129_/A (sky130_fd_sc_hd__inv_2)
     1    0.01    0.07    0.12    3.46 ^ _1129_/Y (sky130_fd_sc_hd__inv_2)
                                         _0004_ (net)
                  0.07    0.00    3.46 ^ _1190_/RESET_B (sky130_fd_sc_hd__dfrtp_1)
                                  3.46   data arrival time

                  0.15   10.00   10.00   clock clock (rise edge)
                          0.00   10.00   clock network delay (ideal)
                         -0.25    9.75   clock uncertainty
                          0.00    9.75   clock reconvergence pessimism
                                  9.75 ^ _1190_/CLK (sky130_fd_sc_hd__dfrtp_1)
                          0.49   10.24   library recovery time
                                 10.24   data required time
-----------------------------------------------------------------------------
                                 10.24   data required time
                                 -3.46   data arrival time
-----------------------------------------------------------------------------
                                  6.78   slack (MET)


Startpoint: _1260_ (rising edge-triggered flip-flop clocked by clock)
Endpoint: _1199_ (rising edge-triggered flip-flop clocked by clock)
Path Group: clock
Path Type: max
Corner: Slowest

Fanout     Cap    Slew   Delay    Time   Description
-----------------------------------------------------------------------------
                  0.15    0.00    0.00   clock clock (rise edge)
                          0.00    0.00   clock network delay (ideal)
                  0.15    0.00    0.00 ^ _1260_/CLK (sky130_fd_sc_hd__dfrtp_1)
     5    0.02    0.20    0.95    0.95 v _1260_/Q (sky130_fd_sc_hd__dfrtp_1)
                                         manchester_baby_instance.ram_data_o_2 (net)
                  0.20    0.00    0.95 v _0609_/B_N (sky130_fd_sc_hd__or2b_1)
     2    0.00    0.09    0.38    1.32 ^ _0609_/X (sky130_fd_sc_hd__or2b_1)
                                         _0122_ (net)
                  0.09    0.00    1.32 ^ _0611_/A (sky130_fd_sc_hd__nand2_1)
     3    0.01    0.17    0.19    1.52 v _0611_/Y (sky130_fd_sc_hd__nand2_1)
                                         _0124_ (net)
                  0.17    0.00    1.52 v _0618_/A (sky130_fd_sc_hd__or3_1)
     2    0.01    0.21    1.03    2.55 v _0618_/X (sky130_fd_sc_hd__or3_1)
                                         _0131_ (net)
                  0.21    0.00    2.55 v _0620_/A2 (sky130_fd_sc_hd__a21boi_2)
     2    0.01    0.32    0.44    2.99 ^ _0620_/Y (sky130_fd_sc_hd__a21boi_2)
                                         _0133_ (net)
                  0.32    0.00    2.99 ^ _0627_/A3 (sky130_fd_sc_hd__a31oi_4)
     5    0.02    0.22    0.35    3.34 v _0627_/Y (sky130_fd_sc_hd__a31oi_4)
                                         _0140_ (net)
                  0.22    0.00    3.34 v _0660_/A1 (sky130_fd_sc_hd__o31a_2)
     4    0.03    0.19    0.89    4.23 v _0660_/X (sky130_fd_sc_hd__o31a_2)
                                         _0173_ (net)
                  0.19    0.00    4.23 v _0930_/A1 (sky130_fd_sc_hd__o31a_1)
     3    0.01    0.16    0.72    4.95 v _0930_/X (sky130_fd_sc_hd__o31a_1)
                                         _0409_ (net)
                  0.16    0.00    4.96 v _0941_/B (sky130_fd_sc_hd__or4_1)
     2    0.01    0.30    1.46    6.41 v _0941_/X (sky130_fd_sc_hd__or4_1)
                                         _0420_ (net)
                  0.30    0.00    6.41 v _0947_/A1 (sky130_fd_sc_hd__a21oi_2)
     5    0.02    0.42    0.53    6.95 ^ _0947_/Y (sky130_fd_sc_hd__a21oi_2)
                                         _0426_ (net)
                  0.42    0.00    6.95 ^ _0953_/A2 (sky130_fd_sc_hd__o311a_1)
     3    0.01    0.20    0.57    7.52 ^ _0953_/X (sky130_fd_sc_hd__o311a_1)
                                         _0432_ (net)
                  0.20    0.00    7.52 ^ _0957_/A2 (sky130_fd_sc_hd__o22ai_1)
     1    0.00    0.13    0.22    7.74 v _0957_/Y (sky130_fd_sc_hd__o22ai_1)
                                         _0436_ (net)
                  0.13    0.00    7.74 v _0966_/A3 (sky130_fd_sc_hd__a32o_1)
     1    0.00    0.07    0.50    8.25 v _0966_/X (sky130_fd_sc_hd__a32o_1)
                                         _0445_ (net)
                  0.07    0.00    8.25 v _0968_/A1 (sky130_fd_sc_hd__mux2_1)
     1    0.00    0.10    0.67    8.92 v _0968_/X (sky130_fd_sc_hd__mux2_1)
                                         _0447_ (net)
                  0.10    0.00    8.92 v _0969_/A (sky130_fd_sc_hd__clkbuf_1)
     1    0.00    0.05    0.18    9.10 v _0969_/X (sky130_fd_sc_hd__clkbuf_1)
                                         _0062_ (net)
                  0.05    0.00    9.10 v _1199_/D (sky130_fd_sc_hd__dfrtp_4)
                                  9.10   data arrival time

                  0.15   10.00   10.00   clock clock (rise edge)
                          0.00   10.00   clock network delay (ideal)
                         -0.25    9.75   clock uncertainty
                          0.00    9.75   clock reconvergence pessimism
                                  9.75 ^ _1199_/CLK (sky130_fd_sc_hd__dfrtp_4)
                         -0.24    9.51   library setup time
                                  9.51   data required time
-----------------------------------------------------------------------------
                                  9.51   data required time
                                 -9.10   data arrival time
-----------------------------------------------------------------------------
                                  0.41   slack (MET)



======================= Typical Corner ===================================

Startpoint: reset_i (input port clocked by clock)
Endpoint: _1190_ (recovery check against rising-edge clock clock)
Path Group: asynchronous
Path Type: max
Corner: Typical

Fanout     Cap    Slew   Delay    Time   Description
-----------------------------------------------------------------------------
                  0.15    0.00    0.00   clock clock (rise edge)
                          0.00    0.00   clock network delay (ideal)
                          2.00    2.00 v input external delay
     1    0.00    0.01    0.00    2.00 v reset_i (in)
                                         reset_i (net)
                  0.01    0.00    2.00 v input1/A (sky130_fd_sc_hd__dlymetal6s2s_1)
     4    0.02    0.13    0.21    2.21 v input1/X (sky130_fd_sc_hd__dlymetal6s2s_1)
                                         net1 (net)
                  0.13    0.00    2.22 v _1124_/A (sky130_fd_sc_hd__buf_4)
    10    0.07    0.10    0.25    2.46 v _1124_/X (sky130_fd_sc_hd__buf_4)
                                         _0547_ (net)
                  0.10    0.01    2.47 v _1125_/A (sky130_fd_sc_hd__buf_4)
    10    0.06    0.09    0.23    2.70 v _1125_/X (sky130_fd_sc_hd__buf_4)
                                         _0548_ (net)
                  0.09    0.00    2.71 v _1129_/A (sky130_fd_sc_hd__inv_2)
     1    0.01    0.04    0.07    2.78 ^ _1129_/Y (sky130_fd_sc_hd__inv_2)
                                         _0004_ (net)
                  0.04    0.00    2.78 ^ _1190_/RESET_B (sky130_fd_sc_hd__dfrtp_1)
                                  2.78   data arrival time

                  0.15   10.00   10.00   clock clock (rise edge)
                          0.00   10.00   clock network delay (ideal)
                         -0.25    9.75   clock uncertainty
                          0.00    9.75   clock reconvergence pessimism
                                  9.75 ^ _1190_/CLK (sky130_fd_sc_hd__dfrtp_1)
                          0.26   10.01   library recovery time
                                 10.01   data required time
-----------------------------------------------------------------------------
                                 10.01   data required time
                                 -2.78   data arrival time
-----------------------------------------------------------------------------
                                  7.24   slack (MET)


Startpoint: _1260_ (rising edge-triggered flip-flop clocked by clock)
Endpoint: _1199_ (rising edge-triggered flip-flop clocked by clock)
Path Group: clock
Path Type: max
Corner: Typical

Fanout     Cap    Slew   Delay    Time   Description
-----------------------------------------------------------------------------
                  0.15    0.00    0.00   clock clock (rise edge)
                          0.00    0.00   clock network delay (ideal)
                  0.15    0.00    0.00 ^ _1260_/CLK (sky130_fd_sc_hd__dfrtp_1)
     5    0.02    0.10    0.48    0.48 v _1260_/Q (sky130_fd_sc_hd__dfrtp_1)
                                         manchester_baby_instance.ram_data_o_2 (net)
                  0.10    0.00    0.48 v _0609_/B_N (sky130_fd_sc_hd__or2b_1)
     2    0.00    0.06    0.19    0.68 ^ _0609_/X (sky130_fd_sc_hd__or2b_1)
                                         _0122_ (net)
                  0.06    0.00    0.68 ^ _0611_/A (sky130_fd_sc_hd__nand2_1)
     3    0.01    0.07    0.09    0.76 v _0611_/Y (sky130_fd_sc_hd__nand2_1)
                                         _0124_ (net)
                  0.07    0.00    0.76 v _0618_/A (sky130_fd_sc_hd__or3_1)
     2    0.01    0.10    0.45    1.21 v _0618_/X (sky130_fd_sc_hd__or3_1)
                                         _0131_ (net)
                  0.10    0.00    1.21 v _0620_/A2 (sky130_fd_sc_hd__a21boi_2)
     2    0.01    0.20    0.25    1.46 ^ _0620_/Y (sky130_fd_sc_hd__a21boi_2)
                                         _0133_ (net)
                  0.20    0.00    1.46 ^ _0627_/A3 (sky130_fd_sc_hd__a31oi_4)
     5    0.02    0.11    0.15    1.61 v _0627_/Y (sky130_fd_sc_hd__a31oi_4)
                                         _0140_ (net)
                  0.11    0.00    1.61 v _0660_/A1 (sky130_fd_sc_hd__o31a_2)
     4    0.03    0.11    0.46    2.07 v _0660_/X (sky130_fd_sc_hd__o31a_2)
                                         _0173_ (net)
                  0.11    0.00    2.07 v _0930_/A1 (sky130_fd_sc_hd__o31a_1)
     3    0.01    0.09    0.38    2.45 v _0930_/X (sky130_fd_sc_hd__o31a_1)
                                         _0409_ (net)
                  0.09    0.00    2.45 v _0941_/B (sky130_fd_sc_hd__or4_1)
     2    0.01    0.14    0.62    3.07 v _0941_/X (sky130_fd_sc_hd__or4_1)
                                         _0420_ (net)
                  0.14    0.00    3.08 v _0947_/A1 (sky130_fd_sc_hd__a21oi_2)
     5    0.02    0.26    0.30    3.38 ^ _0947_/Y (sky130_fd_sc_hd__a21oi_2)
                                         _0426_ (net)
                  0.26    0.00    3.38 ^ _0953_/A2 (sky130_fd_sc_hd__o311a_1)
     3    0.01    0.12    0.27    3.65 ^ _0953_/X (sky130_fd_sc_hd__o311a_1)
                                         _0432_ (net)
                  0.12    0.00    3.65 ^ _0957_/A2 (sky130_fd_sc_hd__o22ai_1)
     1    0.00    0.07    0.10    3.75 v _0957_/Y (sky130_fd_sc_hd__o22ai_1)
                                         _0436_ (net)
                  0.07    0.00    3.75 v _0966_/A3 (sky130_fd_sc_hd__a32o_1)
     1    0.00    0.04    0.27    4.02 v _0966_/X (sky130_fd_sc_hd__a32o_1)
                                         _0445_ (net)
                  0.04    0.00    4.02 v _0968_/A1 (sky130_fd_sc_hd__mux2_1)
     1    0.00    0.05    0.30    4.32 v _0968_/X (sky130_fd_sc_hd__mux2_1)
                                         _0447_ (net)
                  0.05    0.00    4.32 v _0969_/A (sky130_fd_sc_hd__clkbuf_1)
     1    0.00    0.02    0.09    4.41 v _0969_/X (sky130_fd_sc_hd__clkbuf_1)
                                         _0062_ (net)
                  0.02    0.00    4.41 v _1199_/D (sky130_fd_sc_hd__dfrtp_4)
                                  4.41   data arrival time

                  0.15   10.00   10.00   clock clock (rise edge)
                          0.00   10.00   clock network delay (ideal)
                         -0.25    9.75   clock uncertainty
                          0.00    9.75   clock reconvergence pessimism
                                  9.75 ^ _1199_/CLK (sky130_fd_sc_hd__dfrtp_4)
                         -0.08    9.67   library setup time
                                  9.67   data required time
-----------------------------------------------------------------------------
                                  9.67   data required time
                                 -4.41   data arrival time
-----------------------------------------------------------------------------
                                  5.26   slack (MET)




===========================================================================
report_checks --slack_max -0.01
============================================================================
======================= Fastest Corner ===================================

No paths found.

======================= Slowest Corner ===================================

No paths found.

======================= Typical Corner ===================================

No paths found.


===========================================================================
 report_check_types -max_slew -max_cap -max_fanout -violators
============================================================================
======================= Fastest Corner ===================================


max slew violations count Fastest: 0
max fanout violations count Fastest: 0
max cap violations count Fastest: 0
======================= Slowest Corner ===================================


max slew violations count Slowest: 0
max fanout violations count Slowest: 0
max cap violations count Slowest: 0
======================= Typical Corner ===================================


max slew violations count Typical: 0
max fanout violations count Typical: 0
max cap violations count Typical: 0

===========================================================================
report_parasitic_annotation -report_unannotated
============================================================================
Found 0 unannotated drivers.
Found 0 partially unannotated drivers.

===========================================================================
max slew violation count 0
max fanout violation count 0
max cap violation count 0
============================================================================

===========================================================================
check_setup -verbose -unconstrained_endpoints -multiple_clock -no_clock -no_input_delay -loops -generated_clocks
===========================================================================
Warning: There are 35 unclocked register/latch pins.
  _1209_/CLK
  _1210_/CLK
  _1211_/CLK
  _1219_/GATE_N
  _1220_/GATE_N
  _1221_/GATE_N
  _1222_/GATE_N
  _1223_/GATE_N
  _1224_/GATE_N
  _1225_/GATE_N
  _1226_/GATE_N
  _1227_/GATE_N
  _1228_/GATE_N
  _1229_/GATE_N
  _1230_/GATE_N
  _1231_/GATE_N
  _1232_/GATE_N
  _1233_/GATE_N
  _1234_/GATE_N
  _1235_/GATE_N
  _1236_/GATE_N
  _1237_/GATE_N
  _1238_/GATE_N
  _1239_/GATE_N
  _1240_/GATE_N
  _1241_/GATE_N
  _1242_/GATE_N
  _1243_/GATE_N
  _1244_/GATE_N
  _1245_/GATE_N
  _1246_/GATE_N
  _1247_/GATE_N
  _1248_/GATE_N
  _1249_/GATE_N
  _1250_/GATE_N
Warning: There are 35 unconstrained endpoints.
  _1209_/D
  _1210_/D
  _1211_/D
  _1219_/D
  _1220_/D
  _1221_/D
  _1222_/D
  _1223_/D
  _1224_/D
  _1225_/D
  _1226_/D
  _1227_/D
  _1228_/D
  _1229_/D
  _1230_/D
  _1231_/D
  _1232_/D
  _1233_/D
  _1234_/D
  _1235_/D
  _1236_/D
  _1237_/D
  _1238_/D
  _1239_/D
  _1240_/D
  _1241_/D
  _1242_/D
  _1243_/D
  _1244_/D
  _1245_/D
  _1246_/D
  _1247_/D
  _1248_/D
  _1249_/D
  _1250_/D
