
===========================================================================
report_checks -unconstrained
===========================================================================
======================= Typical Corner ===================================

Startpoint: reset_i (input port clocked by clock)
Endpoint: _1187_ (recovery check against rising-edge clock clock)
Path Group: asynchronous
Path Type: max

Fanout     Cap    Slew   Delay    Time   Description
-----------------------------------------------------------------------------
                  0.15    0.00    0.00   clock clock (rise edge)
                          0.00    0.00   clock network delay (ideal)
                          2.00    2.00 v input external delay
     4    0.01    0.02    0.01    2.01 v reset_i (in)
                                         reset_i (net)
                  0.02    0.00    2.01 v _1124_/A (sky130_fd_sc_hd__buf_1)
    10    0.04    0.23    0.25    2.26 v _1124_/X (sky130_fd_sc_hd__buf_1)
                                         _0547_ (net)
                  0.23    0.00    2.26 v _1125_/A (sky130_fd_sc_hd__buf_1)
    10    0.04    0.25    0.35    2.61 v _1125_/X (sky130_fd_sc_hd__buf_1)
                                         _0548_ (net)
                  0.25    0.00    2.61 v _1126_/A (sky130_fd_sc_hd__inv_2)
     1    0.00    0.06    0.10    2.71 ^ _1126_/Y (sky130_fd_sc_hd__inv_2)
                                         _0001_ (net)
                  0.06    0.00    2.71 ^ _1187_/RESET_B (sky130_fd_sc_hd__dfrtp_2)
                                  2.71   data arrival time

                  0.15   10.00   10.00   clock clock (rise edge)
                          0.00   10.00   clock network delay (ideal)
                         -0.25    9.75   clock uncertainty
                          0.00    9.75   clock reconvergence pessimism
                                  9.75 ^ _1187_/CLK (sky130_fd_sc_hd__dfrtp_2)
                          0.25   10.00   library recovery time
                                 10.00   data required time
-----------------------------------------------------------------------------
                                 10.00   data required time
                                 -2.71   data arrival time
-----------------------------------------------------------------------------
                                  7.28   slack (MET)


Startpoint: _1260_ (rising edge-triggered flip-flop clocked by clock)
Endpoint: _1197_ (rising edge-triggered flip-flop clocked by clock)
Path Group: clock
Path Type: max

Fanout     Cap    Slew   Delay    Time   Description
-----------------------------------------------------------------------------
                  0.15    0.00    0.00   clock clock (rise edge)
                          0.00    0.00   clock network delay (ideal)
                  0.15    0.00    0.00 ^ _1260_/CLK (sky130_fd_sc_hd__dfrtp_2)
     5    0.01    0.06    0.47    0.47 v _1260_/Q (sky130_fd_sc_hd__dfrtp_2)
                                         manchester_baby_instance.ram_data_o_2 (net)
                  0.06    0.00    0.47 v _0609_/B_N (sky130_fd_sc_hd__or2b_2)
     2    0.01    0.06    0.19    0.66 ^ _0609_/X (sky130_fd_sc_hd__or2b_2)
                                         _0122_ (net)
                  0.06    0.00    0.66 ^ _0611_/A (sky130_fd_sc_hd__nand2_2)
     3    0.01    0.07    0.08    0.74 v _0611_/Y (sky130_fd_sc_hd__nand2_2)
                                         _0124_ (net)
                  0.07    0.00    0.74 v _0618_/A (sky130_fd_sc_hd__or3_2)
     2    0.01    0.10    0.53    1.27 v _0618_/X (sky130_fd_sc_hd__or3_2)
                                         _0131_ (net)
                  0.10    0.00    1.27 v _0620_/A2 (sky130_fd_sc_hd__a21boi_2)
     2    0.01    0.15    0.21    1.48 ^ _0620_/Y (sky130_fd_sc_hd__a21boi_2)
                                         _0133_ (net)
                  0.15    0.00    1.48 ^ _0627_/A3 (sky130_fd_sc_hd__a31oi_2)
     5    0.02    0.16    0.18    1.67 v _0627_/Y (sky130_fd_sc_hd__a31oi_2)
                                         _0140_ (net)
                  0.16    0.00    1.67 v _0660_/A1 (sky130_fd_sc_hd__o31a_2)
     4    0.02    0.08    0.45    2.11 v _0660_/X (sky130_fd_sc_hd__o31a_2)
                                         _0173_ (net)
                  0.08    0.00    2.11 v _0930_/A1 (sky130_fd_sc_hd__o31a_2)
     3    0.01    0.06    0.39    2.50 v _0930_/X (sky130_fd_sc_hd__o31a_2)
                                         _0409_ (net)
                  0.06    0.00    2.50 v _0941_/B (sky130_fd_sc_hd__or4_2)
     2    0.01    0.11    0.69    3.19 v _0941_/X (sky130_fd_sc_hd__or4_2)
                                         _0420_ (net)
                  0.11    0.00    3.19 v _0947_/A1 (sky130_fd_sc_hd__a21oi_2)
     5    0.01    0.20    0.24    3.43 ^ _0947_/Y (sky130_fd_sc_hd__a21oi_2)
                                         _0426_ (net)
                  0.20    0.00    3.43 ^ _0981_/C (sky130_fd_sc_hd__or4_2)
     1    0.00    0.03    0.15    3.58 ^ _0981_/X (sky130_fd_sc_hd__or4_2)
                                         _0458_ (net)
                  0.03    0.00    3.58 ^ _0982_/B_N (sky130_fd_sc_hd__or2b_2)
     1    0.00    0.05    0.29    3.87 v _0982_/X (sky130_fd_sc_hd__or2b_2)
                                         _0459_ (net)
                  0.05    0.00    3.87 v _0983_/B1 (sky130_fd_sc_hd__a32o_2)
     1    0.00    0.04    0.22    4.09 v _0983_/X (sky130_fd_sc_hd__a32o_2)
                                         _0460_ (net)
                  0.04    0.00    4.09 v _0984_/A1 (sky130_fd_sc_hd__mux2_2)
     1    0.00    0.05    0.26    4.35 v _0984_/X (sky130_fd_sc_hd__mux2_2)
                                         _0461_ (net)
                  0.05    0.00    4.35 v _0985_/A (sky130_fd_sc_hd__buf_1)
     1    0.00    0.02    0.09    4.44 v _0985_/X (sky130_fd_sc_hd__buf_1)
                                         _0060_ (net)
                  0.02    0.00    4.44 v _1197_/D (sky130_fd_sc_hd__dfrtp_2)
                                  4.44   data arrival time

                  0.15   10.00   10.00   clock clock (rise edge)
                          0.00   10.00   clock network delay (ideal)
                         -0.25    9.75   clock uncertainty
                          0.00    9.75   clock reconvergence pessimism
                                  9.75 ^ _1197_/CLK (sky130_fd_sc_hd__dfrtp_2)
                         -0.08    9.67   library setup time
                                  9.67   data required time
-----------------------------------------------------------------------------
                                  9.67   data required time
                                 -4.44   data arrival time
-----------------------------------------------------------------------------
                                  5.23   slack (MET)




===========================================================================
report_checks --slack_max -0.01
============================================================================
======================= Typical Corner ===================================

No paths found.


===========================================================================
 report_check_types -max_slew -max_cap -max_fanout -violators
============================================================================
======================= Typical Corner ===================================

max fanout

Pin                                   Limit Fanout  Slack
---------------------------------------------------------
_1062_/Y                                 10     32    -22 (VIOLATED)


max slew violations count Typical: 0
max fanout violations count Typical: 1
max cap violations count Typical: 0

===========================================================================
report_parasitic_annotation -report_unannotated
============================================================================
Found 755 unannotated drivers.
 clock
 ram_data_io[0]
 ram_data_io[10]
 ram_data_io[11]
 ram_data_io[12]
 ram_data_io[13]
 ram_data_io[14]
 ram_data_io[15]
 ram_data_io[16]
 ram_data_io[17]
 ram_data_io[18]
 ram_data_io[19]
 ram_data_io[1]
 ram_data_io[20]
 ram_data_io[21]
 ram_data_io[22]
 ram_data_io[23]
 ram_data_io[24]
 ram_data_io[25]
 ram_data_io[26]
 ram_data_io[27]
 ram_data_io[28]
 ram_data_io[29]
 ram_data_io[2]
 ram_data_io[30]
 ram_data_io[31]
 ram_data_io[3]
 ram_data_io[4]
 ram_data_io[5]
 ram_data_io[6]
 ram_data_io[7]
 ram_data_io[8]
 ram_data_io[9]
 reset_i
 _0588_/X
 _0589_/Y
 _0590_/X
 _0591_/X
 _0592_/X
 _0593_/X
 _0594_/X
 _0595_/X
 _0596_/X
 _0597_/X
 _0598_/Y
 _0599_/Y
 _0600_/X
 _0601_/X
 _0602_/X
 _0603_/Y
 _0604_/Y
 _0605_/X
 _0606_/X
 _0607_/X
 _0608_/X
 _0609_/X
 _0610_/X
 _0611_/Y
 _0612_/X
 _0613_/X
 _0614_/X
 _0615_/Y
 _0616_/X
 _0617_/Y
 _0618_/X
 _0619_/Y
 _0620_/Y
 _0621_/X
 _0622_/Y
 _0623_/X
 _0624_/X
 _0625_/Y
 _0626_/X
 _0627_/Y
 _0628_/Y
 _0629_/Y
 _0630_/Y
 _0631_/Y
 _0632_/Y
 _0633_/X
 _0634_/X
 _0635_/X
 _0636_/X
 _0637_/Y
 _0638_/Y
 _0639_/X
 _0640_/X
 _0641_/X
 _0642_/Y
 _0643_/X
 _0644_/X
 _0645_/Y
 _0646_/Y
 _0647_/Y
 _0648_/X
 _0649_/X
 _0650_/X
 _0651_/X
 _0652_/Y
 _0653_/Y
 _0654_/X
 _0655_/X
 _0656_/X
 _0657_/X
 _0658_/X
 _0659_/X
 _0660_/X
 _0661_/Y
 _0662_/X
 _0663_/Y
 _0664_/X
 _0665_/Y
 _0666_/Y
 _0667_/X
 _0668_/X
 _0669_/Y
 _0670_/X
 _0671_/X
 _0672_/X
 _0673_/X
 _0674_/X
 _0675_/X
 _0676_/X
 _0677_/X
 _0678_/X
 _0679_/X
 _0680_/X
 _0681_/X
 _0682_/X
 _0683_/X
 _0684_/X
 _0685_/X
 _0686_/X
 _0687_/X
 _0688_/X
 _0689_/Y
 _0690_/X
 _0691_/Y
 _0692_/X
 _0693_/X
 _0694_/X
 _0695_/X
 _0696_/Y
 _0697_/Y
 _0698_/X
 _0699_/X
 _0700_/X
 _0701_/X
 _0702_/Y
 _0703_/X
 _0704_/Y
 _0705_/X
 _0706_/Y
 _0707_/X
 _0708_/X
 _0709_/Y
 _0710_/X
 _0711_/X
 _0712_/X
 _0713_/Y
 _0714_/Y
 _0715_/X
 _0716_/X
 _0717_/X
 _0718_/Y
 _0719_/Y
 _0720_/Y
 _0721_/X
 _0722_/X
 _0723_/X
 _0724_/X
 _0725_/X
 _0726_/X
 _0727_/Y
 _0728_/Y
 _0729_/Y
 _0730_/X
 _0731_/X
 _0732_/X
 _0733_/X
 _0734_/Y
 _0735_/X
 _0736_/Y
 _0737_/Y
 _0738_/X
 _0739_/Y
 _0740_/X
 _0741_/X
 _0742_/X
 _0743_/Y
 _0744_/Y
 _0745_/X
 _0746_/X
 _0747_/X
 _0748_/X
 _0749_/X
 _0750_/X
 _0751_/Y
 _0752_/Y
 _0753_/Y
 _0754_/X
 _0755_/X
 _0756_/X
 _0757_/Y
 _0758_/Y
 _0759_/Y
 _0760_/Y
 _0761_/X
 _0762_/X
 _0763_/X
 _0764_/Y
 _0765_/Y
 _0766_/Y
 _0767_/Y
 _0768_/Y
 _0769_/Y
 _0770_/X
 _0771_/X
 _0772_/X
 _0773_/Y
 _0774_/X
 _0775_/X
 _0776_/Y
 _0777_/X
 _0778_/X
 _0779_/X
 _0780_/X
 _0781_/Y
 _0782_/Y
 _0783_/Y
 _0784_/Y
 _0785_/X
 _0786_/X
 _0787_/X
 _0788_/X
 _0789_/X
 _0790_/Y
 _0791_/X
 _0792_/X
 _0793_/X
 _0794_/X
 _0795_/X
 _0796_/X
 _0797_/Y
 _0798_/Y
 _0799_/Y
 _0800_/X
 _0801_/X
 _0802_/X
 _0803_/Y
 _0804_/X
 _0805_/X
 _0806_/X
 _0807_/X
 _0808_/Y
 _0809_/X
 _0810_/Y
 _0811_/X
 _0812_/X
 _0813_/X
 _0814_/X
 _0815_/Y
 _0816_/X
 _0817_/X
 _0818_/Y
 _0819_/X
 _0820_/Y
 _0821_/X
 _0822_/X
 _0823_/X
 _0824_/Y
 _0825_/X
 _0826_/Y
 _0827_/Y
 _0828_/X
 _0829_/Y
 _0830_/Y
 _0831_/Y
 _0832_/X
 _0833_/X
 _0834_/Y
 _0835_/X
 _0836_/Y
 _0837_/X
 _0838_/X
 _0839_/X
 _0840_/X
 _0841_/Y
 _0842_/X
 _0843_/X
 _0844_/X
 _0845_/Y
 _0846_/X
 _0847_/X
 _0848_/X
 _0849_/X
 _0850_/X
 _0851_/X
 _0852_/Y
 _0853_/X
 _0854_/X
 _0855_/Y
 _0856_/Y
 _0857_/X
 _0858_/X
 _0859_/X
 _0860_/X
 _0861_/X
 _0862_/X
 _0863_/Y
 _0864_/X
 _0865_/X
 _0866_/X
 _0867_/X
 _0868_/X
 _0869_/Y
 _0870_/Y
 _0871_/Y
 _0872_/X
 _0873_/X
 _0874_/X
 _0875_/X
 _0876_/Y
 _0877_/X
 _0878_/X
 _0879_/X
 _0880_/X
 _0881_/X
 _0882_/X
 _0883_/Y
 _0884_/X
 _0885_/X
 _0886_/X
 _0887_/X
 _0888_/X
 _0889_/X
 _0890_/X
 _0891_/X
 _0892_/X
 _0893_/X
 _0894_/X
 _0895_/X
 _0896_/X
 _0897_/X
 _0898_/X
 _0899_/X
 _0900_/X
 _0901_/X
 _0902_/X
 _0903_/X
 _0904_/X
 _0905_/X
 _0906_/Y
 _0907_/X
 _0908_/X
 _0909_/X
 _0910_/Y
 _0911_/Y
 _0912_/X
 _0913_/X
 _0914_/X
 _0915_/X
 _0916_/X
 _0917_/X
 _0918_/X
 _0919_/Y
 _0920_/X
 _0921_/Y
 _0922_/X
 _0923_/Y
 _0924_/X
 _0925_/X
 _0926_/X
 _0927_/Y
 _0928_/X
 _0929_/X
 _0930_/X
 _0931_/X
 _0932_/X
 _0933_/X
 _0934_/X
 _0935_/X
 _0936_/X
 _0937_/X
 _0938_/X
 _0939_/Y
 _0940_/X
 _0941_/X
 _0942_/X
 _0943_/X
 _0944_/X
 _0945_/X
 _0946_/X
 _0947_/Y
 _0948_/X
 _0949_/X
 _0950_/X
 _0951_/X
 _0952_/Y
 _0953_/X
 _0954_/Y
 _0955_/X
 _0956_/X
 _0957_/Y
 _0958_/X
 _0959_/X
 _0960_/X
 _0961_/X
 _0962_/X
 _0963_/X
 _0964_/X
 _0965_/X
 _0966_/X
 _0967_/X
 _0968_/X
 _0969_/X
 _0970_/Y
 _0971_/Y
 _0972_/X
 _0973_/X
 _0974_/X
 _0975_/X
 _0976_/X
 _0977_/X
 _0978_/Y
 _0979_/X
 _0980_/X
 _0981_/X
 _0982_/X
 _0983_/X
 _0984_/X
 _0985_/X
 _0986_/Y
 _0987_/X
 _0988_/Y
 _0989_/X
 _0990_/X
 _0991_/X
 _0992_/X
 _0993_/Y
 _0994_/X
 _0995_/X
 _0996_/Y
 _0997_/Y
 _0998_/X
 _0999_/X
 _1000_/X
 _1001_/Y
 _1002_/Y
 _1003_/X
 _1004_/X
 _1005_/X
 _1006_/X
 _1007_/X
 _1008_/X
 _1009_/Y
 _1010_/Y
 _1011_/Y
 _1012_/X
 _1013_/X
 _1014_/X
 _1015_/Y
 _1016_/Y
 _1017_/X
 _1018_/X
 _1019_/X
 _1020_/X
 _1021_/Y
 _1022_/X
 _1023_/Y
 _1024_/X
 _1025_/Y
 _1026_/X
 _1027_/Y
 _1028_/X
 _1029_/Y
 _1030_/X
 _1031_/X
 _1032_/Y
 _1033_/X
 _1034_/X
 _1035_/X
 _1036_/Y
 _1037_/X
 _1038_/X
 _1039_/X
 _1040_/X
 _1041_/Y
 _1042_/Y
 _1043_/X
 _1044_/X
 _1045_/X
 _1046_/X
 _1047_/X
 _1048_/Y
 _1049_/X
 _1050_/X
 _1051_/X
 _1052_/X
 _1053_/Y
 _1054_/X
 _1055_/Y
 _1056_/X
 _1057_/X
 _1058_/X
 _1059_/Y
 _1060_/Y
 _1061_/Y
 _1062_/Y
 _1063_/X
 _1064_/X
 _1065_/X
 _1066_/X
 _1067_/Y
 _1068_/Y
 _1069_/Y
 _1070_/Y
 _1071_/Y
 _1072_/Y
 _1073_/Y
 _1074_/Y
 _1075_/Y
 _1076_/Y
 _1077_/X
 _1078_/X
 _1079_/X
 _1080_/X
 _1081_/Y
 _1082_/Y
 _1083_/Y
 _1084_/Y
 _1085_/Y
 _1086_/Y
 _1087_/Y
 _1088_/Y
 _1089_/Y
 _1090_/Y
 _1091_/X
 _1092_/X
 _1093_/X
 _1094_/X
 _1095_/Y
 _1096_/Y
 _1097_/Y
 _1098_/Y
 _1099_/Y
 _1100_/Y
 _1101_/Y
 _1102_/Y
 _1103_/Y
 _1104_/Y
 _1105_/Y
 _1106_/X
 _1107_/Y
 _1108_/X
 _1109_/X
 _1110_/X
 _1111_/X
 _1112_/X
 _1113_/X
 _1114_/X
 _1115_/X
 _1116_/X
 _1117_/Y
 _1118_/X
 _1119_/X
 _1120_/X
 _1121_/X
 _1122_/X
 _1123_/X
 _1124_/X
 _1125_/X
 _1126_/Y
 _1127_/Y
 _1128_/Y
 _1129_/Y
 _1130_/Y
 _1131_/Y
 _1132_/Y
 _1133_/Y
 _1134_/Y
 _1135_/Y
 _1136_/X
 _1137_/Y
 _1138_/Y
 _1139_/Y
 _1140_/Y
 _1141_/Y
 _1142_/Y
 _1143_/Y
 _1144_/Y
 _1145_/Y
 _1146_/Y
 _1147_/X
 _1148_/Y
 _1149_/X
 _1150_/Y
 _1151_/Y
 _1152_/Y
 _1153_/Y
 _1154_/Y
 _1155_/X
 _1156_/X
 _1157_/Y
 _1158_/Y
 _1159_/Y
 _1160_/X
 _1161_/X
 _1162_/Y
 _1163_/Y
 _1164_/Y
 _1165_/Y
 _1166_/Y
 _1167_/X
 _1168_/Y
 _1169_/Y
 _1170_/Y
 _1171_/Y
 _1172_/Y
 _1173_/Y
 _1174_/Y
 _1175_/Y
 _1176_/Y
 _1177_/Y
 _1178_/Y
 _1179_/Y
 _1180_/Y
 _1181_/Y
 _1182_/Y
 _1183_/Y
 _1184_/Y
 _1185_/Y
 _1186_/Y
 _1187_/Q
 _1188_/Q
 _1189_/Q
 _1190_/Q
 _1191_/Q
 _1192_/Q
 _1193_/Q
 _1194_/Q
 _1195_/Q
 _1196_/Q
 _1197_/Q
 _1198_/Q
 _1199_/Q
 _1200_/Q
 _1201_/Q
 _1202_/Q
 _1203_/Q
 _1204_/Q
 _1205_/Q
 _1206_/Q
 _1207_/Q
 _1208_/Q
 _1209_/Q
 _1210_/Q
 _1211_/Q
 _1212_/Q
 _1213_/Q
 _1214_/Q
 _1215_/Q
 _1216_/Q
 _1217_/Q
 _1218_/Q
 _1219_/Q
 _1220_/Q
 _1221_/Q
 _1222_/Q
 _1223_/Q
 _1224_/Q
 _1225_/Q
 _1226_/Q
 _1227_/Q
 _1228_/Q
 _1229_/Q
 _1230_/Q
 _1231_/Q
 _1232_/Q
 _1233_/Q
 _1234_/Q
 _1235_/Q
 _1236_/Q
 _1237_/Q
 _1238_/Q
 _1239_/Q
 _1240_/Q
 _1241_/Q
 _1242_/Q
 _1243_/Q
 _1244_/Q
 _1245_/Q
 _1246_/Q
 _1247_/Q
 _1248_/Q
 _1249_/Q
 _1250_/Q
 _1251_/Q
 _1252_/Q
 _1253_/Q
 _1254_/Q
 _1255_/Q
 _1256_/Q
 _1257_/Q
 _1258_/Q
 _1259_/Q
 _1260_/Q
 _1261_/Q
 _1262_/Q
 _1263_/Q
 _1264_/Q
 _1265_/Q
 _1266_/Q
 _1267_/Q
 _1268_/Q
 _1269_/Q
 _1270_/Q
 _1271_/Q
 _1272_/Q
 _1273_/Q
 _1274_/Q
 _1275_/Q
 _1276_/Q
 _1277_/Z
 _1278_/Z
 _1279_/Z
 _1280_/Z
 _1281_/Z
 _1282_/Z
 _1283_/Z
 _1284_/Z
 _1285_/Z
 _1286_/Z
 _1287_/Z
 _1288_/Z
 _1289_/Z
 _1290_/Z
 _1291_/Z
 _1292_/Z
 _1293_/Z
 _1294_/Z
 _1295_/Z
 _1296_/Z
 _1297_/Z
 _1298_/Z
 _1299_/Z
 _1300_/Z
 _1301_/Z
 _1302_/Z
 _1303_/Z
 _1304_/Z
 _1305_/Z
 _1306_/Z
 _1307_/Z
 _1308_/Z
Found 0 partially unannotated drivers.

===========================================================================
max slew violation count 0
max fanout violation count 1
max cap violation count 0
============================================================================

===========================================================================
check_setup -verbose -unconstrained_endpoints -multiple_clock -no_clock -no_input_delay -loops -generated_clocks
===========================================================================
Warning: There are 35 unclocked register/latch pins.
  _1209_/CLK
  _1210_/CLK
  _1211_/CLK
  _1219_/GATE_N
  _1220_/GATE_N
  _1221_/GATE_N
  _1222_/GATE_N
  _1223_/GATE_N
  _1224_/GATE_N
  _1225_/GATE_N
  _1226_/GATE_N
  _1227_/GATE_N
  _1228_/GATE_N
  _1229_/GATE_N
  _1230_/GATE_N
  _1231_/GATE_N
  _1232_/GATE_N
  _1233_/GATE_N
  _1234_/GATE_N
  _1235_/GATE_N
  _1236_/GATE_N
  _1237_/GATE_N
  _1238_/GATE_N
  _1239_/GATE_N
  _1240_/GATE_N
  _1241_/GATE_N
  _1242_/GATE_N
  _1243_/GATE_N
  _1244_/GATE_N
  _1245_/GATE_N
  _1246_/GATE_N
  _1247_/GATE_N
  _1248_/GATE_N
  _1249_/GATE_N
  _1250_/GATE_N
Warning: There are 35 unconstrained endpoints.
  _1209_/D
  _1210_/D
  _1211_/D
  _1219_/D
  _1220_/D
  _1221_/D
  _1222_/D
  _1223_/D
  _1224_/D
  _1225_/D
  _1226_/D
  _1227_/D
  _1228_/D
  _1229_/D
  _1230_/D
  _1231_/D
  _1232_/D
  _1233_/D
  _1234_/D
  _1235_/D
  _1236_/D
  _1237_/D
  _1238_/D
  _1239_/D
  _1240_/D
  _1241_/D
  _1242_/D
  _1243_/D
  _1244_/D
  _1245_/D
  _1246_/D
  _1247_/D
  _1248_/D
  _1249_/D
  _1250_/D
