
35. Executing CHECK pass (checking for obvious problems).
Checking module manchester_baby...
Checking module $paramod$9ae8a9bc15e27f0b54d4a760b32f6ab331729714\REGISTER_FLIP_FLOP...
Checking module $paramod$a6c83ad3670fe9170f4992eceb4f3396f3384835\logisimTickGenerator...
Checking module $paramod$7683da3420863ca4f690ea1adbbfdb16c8f7f7ec\LogisimClockComponent...
Checking module $paramod$f873449c607130762b44630e10967eee048a8af7\OR_GATE_BUS...
Checking module $paramod\OR_GATE_3_INPUTS\BubblesMask=3'000...
Checking module $paramod\AND_GATE\BubblesMask=2'00...
Checking module $paramod$04633793db1d5ec7643e025904dc1f97bf0ae3a9\OR_GATE_BUS_5_INPUTS...
Checking module $paramod\OR_GATE\BubblesMask=2'00...
Checking module $paramod\Multiplexer_bus_2\nrOfBits=s32'00000000000000000000000000100000...
Checking module Decoder_8...
Checking module logisimTopLevelShell...
Checking module main...
Checking module $paramod\Multiplexer_bus_2\nrOfBits=s32'00000000000000000000000000000101...
Checking module $paramod$8ac0fd17eb1286b8b98beee6fb9ad8488d0bcd6b\Subtractor...
Checking module $paramod$26ef097de3fde65f86bf369975a62a2918dd5e68\Comparator...
Checking module $paramod$f69ce4ed3dcef4bc62244db51d38f240a5a153f4\Adder...
Checking module $paramod\S_R_FLIPFLOP\invertClockEnable=s32'00000000000000000000000000000000...
Checking module $paramod$aa6e66ef55dcbb393724457c3287706e0830aaea\REGISTER_FLIP_FLOP...
Checking module $paramod$519d337dff63bb237f607b7aa77e95183441bdb3\LogisimCounter...
Found and reported 0 problems.
